exports[`<Navbar /> renders Navbar form with correct specification 1`] = `
<div
  className="ui fixed inverted menu">
  <div
    className="ui container">
    <a
      className="header item"
      href="#">
      <img
        alt=""
        className="logo"
        src="https://semantic-ui.com/examples/assets/images/logo.png" />
      studNet
    </a>
    <a
      className="item"
      href="#">
      Strona GÅ‚owna
    </a>
    <div
      className="ui simple dropdown item">
      Zmien Uczelnie 
      <i
        className="dropdown icon" />
      <div
        className="menu">
        <div
          className="header">
          Twoje Uczelnie:
        </div>
        <a
          className="item"
          href="#">
          Politechnika
        </a>
        <a
          className="item"
          href="#">
          Uniwersytet
        </a>
      </div>
    </div>
    <div
      className="ui simple dropdown item">
      Zmien Kierunek 
      <i
        className="dropdown icon" />
      <div
        className="menu">
        <div
          className="header">
          Twoje Kierunki:
        </div>
        <a
          className="item"
          href="#">
          Informatyka
        </a>
        <a
          className="item"
          href="#">
          Bioinformatyka
        </a>
      </div>
    </div>
  </div>
</div>
`;
